// Jest Snapshot v1, https://goo.gl/fbAQLP

exports[`await-with-parens.ts format 1`] = `
====================================options=====================================
parsers: ["typescript"]
printWidth: 80
                                                                                | printWidth
=====================================input======================================
function foo(promise) { await (promise); }

function a() {
  return await (1)
}

() => { await (x) };

function foo() {
  await
  (foo);
}

export class C {
  p = await (0);
}

await (0);

=====================================output=====================================
function foo(promise) {
  await(promise);
}

function a() {
  return await(1);
}

() => {
  await(x);
};

function foo() {
  await(foo);
}

export class C {
  p = await(0);
}

await 0;

================================================================================
`;
